2026-05-29 15:29:22,464 [main] INFO: 前端: C:\daomind\frontend\dist
2026-05-29 15:29:22,464 [main] INFO: 初始化 RAG... Embedding: https://open.bigmodel.cn/api/paas/v4 model=embedding-3
2026-05-29 15:29:22,468 [rag.base] INFO: [道德经] 加载成功: 81条, 维度(81, 2048)
2026-05-29 15:29:22,480 [rag.base] INFO: [论语] 加载成功: 290条, 维度(290, 2048)
2026-05-29 15:29:22,488 [rag.base] INFO: [庄子] 加载成功: 200条, 维度(200, 2048)
2026-05-29 15:29:22,489 [rag.base] INFO: [道家治疗] 加载成功: 0条, 维度(30, 2048)
2026-05-29 15:29:22,490 [rag.providers] INFO: [道家治疗] 从JSON加载 30 条知识
2026-05-29 15:29:22,508 [rag.base] INFO: [白居易] 加载成功: 500条, 维度(500, 2048)
2026-05-29 15:29:22,512 [rag.providers] INFO: [白居易] 从JSON加载 500 首诗
2026-05-29 15:29:22,540 [rag.base] INFO: [白居易外圈] 加载成功: 2128条, 维度(2128, 2048)
2026-05-29 15:29:22,547 [rag.providers] INFO: [白居易外圈] 从JSON加载 2128 首诗
2026-05-29 15:29:22,695 [rag.service] INFO: RAG服务就绪，已加载: ['daodejing', 'lunyu', 'zhuangzi', 'daoist_therapy', 'baijuyi', 'baijuyi_outer']
2026-05-29 15:29:22,696 [main] INFO: 启动完成 | RAG providers: ['daodejing', 'lunyu', 'zhuangzi', 'daoist_therapy', 'baijuyi', 'baijuyi_outer'] | 可用模型: ['glm-4-flash', 'glm-4.7', 'glm-5', 'emohaa', 'seed', 'seed-lite']
2026-05-29 18:35:48,352 [main] INFO: 前端: C:\daomind\frontend\dist
2026-05-29 18:35:48,353 [main] INFO: 初始化 RAG... Embedding: https://open.bigmodel.cn/api/paas/v4 model=embedding-3
2026-05-29 18:35:48,358 [rag.base] INFO: [道德经] 加载成功: 81条, 维度(81, 2048)
2026-05-29 18:35:48,368 [rag.base] INFO: [论语] 加载成功: 290条, 维度(290, 2048)
2026-05-29 18:35:48,377 [rag.base] INFO: [庄子] 加载成功: 200条, 维度(200, 2048)
2026-05-29 18:35:48,379 [rag.base] INFO: [道家治疗] 加载成功: 0条, 维度(30, 2048)
2026-05-29 18:35:48,379 [rag.providers] INFO: [道家治疗] 从JSON加载 30 条知识
2026-05-29 18:35:48,398 [rag.base] INFO: [白居易] 加载成功: 500条, 维度(500, 2048)
2026-05-29 18:35:48,401 [rag.providers] INFO: [白居易] 从JSON加载 500 首诗
2026-05-29 18:35:48,441 [rag.base] INFO: [白居易外圈] 加载成功: 2128条, 维度(2128, 2048)
2026-05-29 18:35:48,448 [rag.providers] INFO: [白居易外圈] 从JSON加载 2128 首诗
2026-05-29 18:35:48,600 [rag.service] INFO: RAG服务就绪，已加载: ['daodejing', 'lunyu', 'zhuangzi', 'daoist_therapy', 'baijuyi', 'baijuyi_outer']
2026-05-29 18:35:48,600 [main] INFO: 启动完成 | RAG providers: ['daodejing', 'lunyu', 'zhuangzi', 'daoist_therapy', 'baijuyi', 'baijuyi_outer'] | 可用模型: ['glm-4-flash', 'glm-4.7', 'glm-5', 'emohaa', 'seed', 'seed-lite']
2026-05-29 18:36:21,354 [rag.base] INFO: [道德经] 加载成功: 81条, 维度(81, 2048)
2026-05-29 18:36:21,366 [rag.base] INFO: [论语] 加载成功: 290条, 维度(290, 2048)
2026-05-29 18:36:21,373 [rag.base] INFO: [庄子] 加载成功: 200条, 维度(200, 2048)
2026-05-29 18:36:21,375 [rag.base] INFO: [道家治疗] 加载成功: 0条, 维度(30, 2048)
2026-05-29 18:36:21,376 [rag.providers] INFO: [道家治疗] 从JSON加载 30 条知识
2026-05-29 18:36:21,398 [rag.base] INFO: [白居易] 加载成功: 500条, 维度(500, 2048)
2026-05-29 18:36:21,402 [rag.providers] INFO: [白居易] 从JSON加载 500 首诗
2026-05-29 18:36:21,429 [rag.base] INFO: [白居易外圈] 加载成功: 2128条, 维度(2128, 2048)
2026-05-29 18:36:21,436 [rag.providers] INFO: [白居易外圈] 从JSON加载 2128 首诗
2026-05-29 18:36:21,619 [rag.service] INFO: RAG服务就绪，已加载: ['daodejing', 'lunyu', 'zhuangzi', 'daoist_therapy', 'baijuyi', 'baijuyi_outer']
2026-05-29 18:36:21,619 [api.settings] INFO: 配置已更新 | 可用模型: ['glm-4-flash', 'glm-4.7', 'glm-5', 'emohaa', 'seed', 'seed-lite'] | RAG: ['daodejing', 'lunyu', 'zhuangzi', 'daoist_therapy', 'baijuyi', 'baijuyi_outer']
2026-05-29 18:43:42,538 [main] INFO: 前端: C:\daomind\frontend\dist
2026-05-29 18:43:42,539 [main] INFO: 初始化 RAG... Embedding: https://open.bigmodel.cn/api/paas/v4 model=embedding-3
2026-05-29 18:43:42,548 [rag.base] INFO: [道德经] 加载成功: 81条, 维度(81, 2048)
2026-05-29 18:43:42,561 [rag.base] INFO: [论语] 加载成功: 290条, 维度(290, 2048)
2026-05-29 18:43:42,569 [rag.base] INFO: [庄子] 加载成功: 200条, 维度(200, 2048)
2026-05-29 18:43:42,570 [rag.base] INFO: [道家治疗] 加载成功: 0条, 维度(30, 2048)
2026-05-29 18:43:42,571 [rag.providers] INFO: [道家治疗] 从JSON加载 30 条知识
2026-05-29 18:43:42,591 [rag.base] INFO: [白居易] 加载成功: 500条, 维度(500, 2048)
2026-05-29 18:43:42,595 [rag.providers] INFO: [白居易] 从JSON加载 500 首诗
2026-05-29 18:43:42,628 [rag.base] INFO: [白居易外圈] 加载成功: 2128条, 维度(2128, 2048)
2026-05-29 18:43:42,634 [rag.providers] INFO: [白居易外圈] 从JSON加载 2128 首诗
2026-05-29 18:43:42,795 [rag.service] INFO: RAG服务就绪，已加载: ['daodejing', 'lunyu', 'zhuangzi', 'daoist_therapy', 'baijuyi', 'baijuyi_outer']
2026-05-29 18:43:42,795 [main] INFO: 启动完成 | RAG providers: ['daodejing', 'lunyu', 'zhuangzi', 'daoist_therapy', 'baijuyi', 'baijuyi_outer'] | 可用模型: ['glm-4-flash', 'glm-4.7', 'glm-5', 'emohaa', 'seed', 'seed-lite']
2026-05-29 18:43:57,496 [rag.base] INFO: [道德经] 加载成功: 81条, 维度(81, 2048)
2026-05-29 18:43:57,507 [rag.base] INFO: [论语] 加载成功: 290条, 维度(290, 2048)
2026-05-29 18:43:57,515 [rag.base] INFO: [庄子] 加载成功: 200条, 维度(200, 2048)
2026-05-29 18:43:57,517 [rag.base] INFO: [道家治疗] 加载成功: 0条, 维度(30, 2048)
2026-05-29 18:43:57,517 [rag.providers] INFO: [道家治疗] 从JSON加载 30 条知识
2026-05-29 18:43:57,537 [rag.base] INFO: [白居易] 加载成功: 500条, 维度(500, 2048)
2026-05-29 18:43:57,540 [rag.providers] INFO: [白居易] 从JSON加载 500 首诗
2026-05-29 18:43:57,570 [rag.base] INFO: [白居易外圈] 加载成功: 2128条, 维度(2128, 2048)
2026-05-29 18:43:57,577 [rag.providers] INFO: [白居易外圈] 从JSON加载 2128 首诗
2026-05-29 18:43:57,745 [rag.service] INFO: RAG服务就绪，已加载: ['daodejing', 'lunyu', 'zhuangzi', 'daoist_therapy', 'baijuyi', 'baijuyi_outer']
2026-05-29 18:43:57,746 [api.settings] INFO: 配置已更新 | 可用模型: ['glm-4-flash', 'glm-4.7', 'glm-5', 'emohaa', 'seed', 'seed-lite'] | RAG: ['daodejing', 'lunyu', 'zhuangzi', 'daoist_therapy', 'baijuyi', 'baijuyi_outer']
2026-05-29 20:37:33,898 [main] INFO: 前端: C:\daomind\frontend\dist
2026-05-29 20:37:33,899 [main] INFO: 初始化 RAG... Embedding: https://open.bigmodel.cn/api/paas/v4 model=embedding-3
2026-05-29 20:37:33,904 [rag.base] INFO: [道德经] 加载成功: 81条, 维度(81, 2048)
2026-05-29 20:37:33,916 [rag.base] INFO: [论语] 加载成功: 290条, 维度(290, 2048)
2026-05-29 20:37:33,925 [rag.base] INFO: [庄子] 加载成功: 200条, 维度(200, 2048)
2026-05-29 20:37:33,926 [rag.base] INFO: [道家治疗] 加载成功: 0条, 维度(30, 2048)
2026-05-29 20:37:33,927 [rag.providers] INFO: [道家治疗] 从JSON加载 30 条知识
2026-05-29 20:37:33,945 [rag.base] INFO: [白居易] 加载成功: 500条, 维度(500, 2048)
2026-05-29 20:37:33,949 [rag.providers] INFO: [白居易] 从JSON加载 500 首诗
2026-05-29 20:37:33,983 [rag.base] INFO: [白居易外圈] 加载成功: 2128条, 维度(2128, 2048)
2026-05-29 20:37:33,992 [rag.providers] INFO: [白居易外圈] 从JSON加载 2128 首诗
2026-05-29 20:37:34,160 [rag.service] INFO: RAG服务就绪，已加载: ['daodejing', 'lunyu', 'zhuangzi', 'daoist_therapy', 'baijuyi', 'baijuyi_outer']
2026-05-29 20:37:34,161 [main] INFO: 启动完成 | RAG providers: ['daodejing', 'lunyu', 'zhuangzi', 'daoist_therapy', 'baijuyi', 'baijuyi_outer'] | 可用模型: ['glm-4-flash', 'glm-4.7', 'glm-5', 'emohaa', 'seed', 'seed-lite']
2026-05-29 20:38:01,907 [main] INFO: 关闭服务
2026-05-29 20:38:19,111 [main] INFO: 前端: C:\daomind\frontend\dist
2026-05-29 20:38:19,112 [main] INFO: 初始化 RAG... Embedding: https://open.bigmodel.cn/api/paas/v4 model=embedding-3
2026-05-29 20:38:19,117 [rag.base] INFO: [道德经] 加载成功: 81条, 维度(81, 2048)
2026-05-29 20:38:19,129 [rag.base] INFO: [论语] 加载成功: 290条, 维度(290, 2048)
2026-05-29 20:38:19,139 [rag.base] INFO: [庄子] 加载成功: 200条, 维度(200, 2048)
2026-05-29 20:38:19,140 [rag.base] INFO: [道家治疗] 加载成功: 0条, 维度(30, 2048)
2026-05-29 20:38:19,141 [rag.providers] INFO: [道家治疗] 从JSON加载 30 条知识
2026-05-29 20:38:19,160 [rag.base] INFO: [白居易] 加载成功: 500条, 维度(500, 2048)
2026-05-29 20:38:19,164 [rag.providers] INFO: [白居易] 从JSON加载 500 首诗
2026-05-29 20:38:19,197 [rag.base] INFO: [白居易外圈] 加载成功: 2128条, 维度(2128, 2048)
2026-05-29 20:38:19,204 [rag.providers] INFO: [白居易外圈] 从JSON加载 2128 首诗
2026-05-29 20:38:19,374 [rag.service] INFO: RAG服务就绪，已加载: ['daodejing', 'lunyu', 'zhuangzi', 'daoist_therapy', 'baijuyi', 'baijuyi_outer']
2026-05-29 20:38:19,375 [main] INFO: 启动完成 | RAG providers: ['daodejing', 'lunyu', 'zhuangzi', 'daoist_therapy', 'baijuyi', 'baijuyi_outer'] | 可用模型: ['glm-4-flash', 'glm-4.7', 'glm-5', 'emohaa', 'seed', 'seed-lite']
